// Jest Snapshot v1, https://goo.gl/fbAQLP

exports[`App component snapshot test 1`] = `
<div>
  <div
    className="container-fluid border"
  >
    <a
      href="/"
      onClick={[Function]}
    >
      <h1>
        Ribbit
      </h1>
    </a>
  </div>
</div>
`;
